| xxe.js:6:19:6:39 | req.par ... e-xml") | XML External Entity sink |
| xxe.js:7:25:7:45 | req.par ... e-xml") | XML External Entity sink |
| xxe.js:11:20:11:40 | req.par ... e-xml") | XML External Entity sink |
| xxe.js:15:13:15:33 | req.par ... e-xml") | XML External Entity sink |
