| Program.cs:5:22:5:60 | object creation of type HttpCookie | Cookie attribute 'Secure' is not set to true. |
