| Program.cs:17:25:17:29 | false | Cookie attribute 'Secure' is not set to true. |
| Program.cs:22:73:22:77 | false | Cookie attribute 'Secure' is not set to true. |
| Program.cs:42:25:42:25 | access to local variable v | Cookie attribute 'Secure' is not set to true. |
| Program.cs:48:73:48:73 | access to local variable v | Cookie attribute 'Secure' is not set to true. |
