| cmdi.js:5:9:5:13 | "foo" | Command Injection sink |
| cmdi.js:6:9:6:13 | input | Command Injection sink |
| cmdi.js:7:10:7:18 | '/bin/sh' | Command Injection sink |
| cmdi.js:11:6:11:10 | input | Command Injection sink |
