| Program.cs:23:27:23:31 | false | Cookie attribute 'HttpOnly' is not set to true. |
| Program.cs:28:74:28:78 | false | Cookie attribute 'HttpOnly' is not set to true. |
| Program.cs:48:27:48:27 | access to local variable v | Cookie attribute 'HttpOnly' is not set to true. |
| Program.cs:54:74:54:74 | access to local variable v | Cookie attribute 'HttpOnly' is not set to true. |
