| Program.cs:5:22:5:59 | object creation of type HttpCookie | Cookie attribute 'HttpOnly' is not set to true. |
