| app.py:6:1:6:17 | ControlFlowNode for print() |
| app.py:12:1:12:39 | ControlFlowNode for Attribute() |
| app.py:13:1:13:40 | ControlFlowNode for Attribute() |
| app.py:14:1:14:44 | ControlFlowNode for Attribute() |
| app.py:15:1:15:41 | ControlFlowNode for Attribute() |
| app.py:19:1:19:38 | ControlFlowNode for Attribute() |
| app.py:20:1:20:39 | ControlFlowNode for Attribute() |
| app.py:21:1:21:43 | ControlFlowNode for Attribute() |
| app.py:22:1:22:40 | ControlFlowNode for Attribute() |
