edges
| src/main/java/com/github/githubsecuritylab/command_injection_test/Main.java:16:29:16:41 | args : String[] | src/main/java/com/github/githubsecuritylab/command_injection_test/Main.java:21:62:21:68 | ...[...] : String | provenance |  |
| src/main/java/com/github/githubsecuritylab/command_injection_test/Main.java:16:29:16:41 | args : String[] | src/main/java/com/github/githubsecuritylab/command_injection_test/Main.java:21:71:21:77 | ...[...] : String | provenance |  |
| src/main/java/com/github/githubsecuritylab/command_injection_test/Main.java:16:29:16:41 | args : String[] | src/main/java/com/github/githubsecuritylab/command_injection_test/Main.java:21:80:21:86 | ...[...] : String | provenance |  |
| src/main/java/com/github/githubsecuritylab/command_injection_test/Main.java:16:29:16:41 | args : String[] | src/main/java/com/github/githubsecuritylab/command_injection_test/Main.java:27:32:27:38 | ...[...] : String | provenance |  |
| src/main/java/com/github/githubsecuritylab/command_injection_test/Main.java:16:29:16:41 | args : String[] | src/main/java/com/github/githubsecuritylab/command_injection_test/Main.java:28:32:28:38 | ...[...] : String | provenance |  |
| src/main/java/com/github/githubsecuritylab/command_injection_test/Main.java:16:29:16:41 | args : String[] | src/main/java/com/github/githubsecuritylab/command_injection_test/Main.java:29:32:29:38 | ...[...] : String | provenance |  |
| src/main/java/com/github/githubsecuritylab/command_injection_test/Main.java:16:29:16:41 | args : String[] | src/main/java/com/github/githubsecuritylab/command_injection_test/Main.java:36:48:36:54 | ...[...] : String | provenance |  |
| src/main/java/com/github/githubsecuritylab/command_injection_test/Main.java:16:29:16:41 | args : String[] | src/main/java/com/github/githubsecuritylab/command_injection_test/Main.java:36:57:36:63 | ...[...] : String | provenance |  |
| src/main/java/com/github/githubsecuritylab/command_injection_test/Main.java:16:29:16:41 | args : String[] | src/main/java/com/github/githubsecuritylab/command_injection_test/Main.java:36:66:36:72 | ...[...] : String | provenance |  |
| src/main/java/com/github/githubsecuritylab/command_injection_test/Main.java:21:38:21:87 | {...} : String[] [[]] : String | src/main/java/com/github/githubsecuritylab/command_injection_test/Main.java:22:39:22:51 | commandArray1 | provenance |  Sink:MaD:43017 |
| src/main/java/com/github/githubsecuritylab/command_injection_test/Main.java:21:62:21:68 | ...[...] : String | src/main/java/com/github/githubsecuritylab/command_injection_test/Main.java:21:38:21:87 | {...} : String[] [[]] : String | provenance |  |
| src/main/java/com/github/githubsecuritylab/command_injection_test/Main.java:21:71:21:77 | ...[...] : String | src/main/java/com/github/githubsecuritylab/command_injection_test/Main.java:21:38:21:87 | {...} : String[] [[]] : String | provenance |  |
| src/main/java/com/github/githubsecuritylab/command_injection_test/Main.java:21:80:21:86 | ...[...] : String | src/main/java/com/github/githubsecuritylab/command_injection_test/Main.java:21:38:21:87 | {...} : String[] [[]] : String | provenance |  |
| src/main/java/com/github/githubsecuritylab/command_injection_test/Main.java:27:13:27:25 | commandArray2 [post update] : String[] [[]] : String | src/main/java/com/github/githubsecuritylab/command_injection_test/Main.java:30:39:30:51 | commandArray2 | provenance |  Sink:MaD:43017 |
| src/main/java/com/github/githubsecuritylab/command_injection_test/Main.java:27:32:27:38 | ...[...] : String | src/main/java/com/github/githubsecuritylab/command_injection_test/Main.java:27:13:27:25 | commandArray2 [post update] : String[] [[]] : String | provenance |  |
| src/main/java/com/github/githubsecuritylab/command_injection_test/Main.java:28:13:28:25 | commandArray2 [post update] : String[] [[]] : String | src/main/java/com/github/githubsecuritylab/command_injection_test/Main.java:30:39:30:51 | commandArray2 | provenance |  Sink:MaD:43017 |
| src/main/java/com/github/githubsecuritylab/command_injection_test/Main.java:28:32:28:38 | ...[...] : String | src/main/java/com/github/githubsecuritylab/command_injection_test/Main.java:28:13:28:25 | commandArray2 [post update] : String[] [[]] : String | provenance |  |
| src/main/java/com/github/githubsecuritylab/command_injection_test/Main.java:29:13:29:25 | commandArray2 [post update] : String[] [[]] : String | src/main/java/com/github/githubsecuritylab/command_injection_test/Main.java:30:39:30:51 | commandArray2 | provenance |  Sink:MaD:43017 |
| src/main/java/com/github/githubsecuritylab/command_injection_test/Main.java:29:32:29:38 | ...[...] : String | src/main/java/com/github/githubsecuritylab/command_injection_test/Main.java:29:13:29:25 | commandArray2 [post update] : String[] [[]] : String | provenance |  |
| src/main/java/com/github/githubsecuritylab/command_injection_test/Main.java:34:17:37:17 | concat(...) : Stream [<element>] : String | src/main/java/com/github/githubsecuritylab/command_injection_test/Main.java:34:17:37:40 | toArray(...) : String[] [[]] : String | provenance | MaD:44346 |
| src/main/java/com/github/githubsecuritylab/command_injection_test/Main.java:34:17:37:40 | toArray(...) : String[] [[]] : String | src/main/java/com/github/githubsecuritylab/command_injection_test/Main.java:34:17:37:40 | toArray(...) | provenance |  Sink:MaD:43017 |
| src/main/java/com/github/githubsecuritylab/command_injection_test/Main.java:36:21:36:74 | stream(...) : Stream [<element>] : String | src/main/java/com/github/githubsecuritylab/command_injection_test/Main.java:34:17:37:17 | concat(...) : Stream [<element>] : String | provenance | MaD:44281 |
| src/main/java/com/github/githubsecuritylab/command_injection_test/Main.java:36:35:36:73 | new String[] : String[] [[]] : String | src/main/java/com/github/githubsecuritylab/command_injection_test/Main.java:36:21:36:74 | stream(...) : Stream [<element>] : String | provenance | MaD:43716 |
| src/main/java/com/github/githubsecuritylab/command_injection_test/Main.java:36:35:36:73 | {...} : String[] [[]] : String | src/main/java/com/github/githubsecuritylab/command_injection_test/Main.java:36:35:36:73 | new String[] : String[] [[]] : String | provenance |  |
| src/main/java/com/github/githubsecuritylab/command_injection_test/Main.java:36:48:36:54 | ...[...] : String | src/main/java/com/github/githubsecuritylab/command_injection_test/Main.java:36:35:36:73 | {...} : String[] [[]] : String | provenance |  |
| src/main/java/com/github/githubsecuritylab/command_injection_test/Main.java:36:57:36:63 | ...[...] : String | src/main/java/com/github/githubsecuritylab/command_injection_test/Main.java:36:35:36:73 | {...} : String[] [[]] : String | provenance |  |
| src/main/java/com/github/githubsecuritylab/command_injection_test/Main.java:36:66:36:72 | ...[...] : String | src/main/java/com/github/githubsecuritylab/command_injection_test/Main.java:36:35:36:73 | {...} : String[] [[]] : String | provenance |  |
nodes
| src/main/java/com/github/githubsecuritylab/command_injection_test/Main.java:16:29:16:41 | args : String[] | semmle.label | args : String[] |
| src/main/java/com/github/githubsecuritylab/command_injection_test/Main.java:21:38:21:87 | {...} : String[] [[]] : String | semmle.label | {...} : String[] [[]] : String |
| src/main/java/com/github/githubsecuritylab/command_injection_test/Main.java:21:62:21:68 | ...[...] : String | semmle.label | ...[...] : String |
| src/main/java/com/github/githubsecuritylab/command_injection_test/Main.java:21:71:21:77 | ...[...] : String | semmle.label | ...[...] : String |
| src/main/java/com/github/githubsecuritylab/command_injection_test/Main.java:21:80:21:86 | ...[...] : String | semmle.label | ...[...] : String |
| src/main/java/com/github/githubsecuritylab/command_injection_test/Main.java:22:39:22:51 | commandArray1 | semmle.label | commandArray1 |
| src/main/java/com/github/githubsecuritylab/command_injection_test/Main.java:27:13:27:25 | commandArray2 [post update] : String[] [[]] : String | semmle.label | commandArray2 [post update] : String[] [[]] : String |
| src/main/java/com/github/githubsecuritylab/command_injection_test/Main.java:27:32:27:38 | ...[...] : String | semmle.label | ...[...] : String |
| src/main/java/com/github/githubsecuritylab/command_injection_test/Main.java:28:13:28:25 | commandArray2 [post update] : String[] [[]] : String | semmle.label | commandArray2 [post update] : String[] [[]] : String |
| src/main/java/com/github/githubsecuritylab/command_injection_test/Main.java:28:32:28:38 | ...[...] : String | semmle.label | ...[...] : String |
| src/main/java/com/github/githubsecuritylab/command_injection_test/Main.java:29:13:29:25 | commandArray2 [post update] : String[] [[]] : String | semmle.label | commandArray2 [post update] : String[] [[]] : String |
| src/main/java/com/github/githubsecuritylab/command_injection_test/Main.java:29:32:29:38 | ...[...] : String | semmle.label | ...[...] : String |
| src/main/java/com/github/githubsecuritylab/command_injection_test/Main.java:30:39:30:51 | commandArray2 | semmle.label | commandArray2 |
| src/main/java/com/github/githubsecuritylab/command_injection_test/Main.java:34:17:37:17 | concat(...) : Stream [<element>] : String | semmle.label | concat(...) : Stream [<element>] : String |
| src/main/java/com/github/githubsecuritylab/command_injection_test/Main.java:34:17:37:40 | toArray(...) | semmle.label | toArray(...) |
| src/main/java/com/github/githubsecuritylab/command_injection_test/Main.java:34:17:37:40 | toArray(...) : String[] [[]] : String | semmle.label | toArray(...) : String[] [[]] : String |
| src/main/java/com/github/githubsecuritylab/command_injection_test/Main.java:36:21:36:74 | stream(...) : Stream [<element>] : String | semmle.label | stream(...) : Stream [<element>] : String |
| src/main/java/com/github/githubsecuritylab/command_injection_test/Main.java:36:35:36:73 | new String[] : String[] [[]] : String | semmle.label | new String[] : String[] [[]] : String |
| src/main/java/com/github/githubsecuritylab/command_injection_test/Main.java:36:35:36:73 | {...} : String[] [[]] : String | semmle.label | {...} : String[] [[]] : String |
| src/main/java/com/github/githubsecuritylab/command_injection_test/Main.java:36:48:36:54 | ...[...] : String | semmle.label | ...[...] : String |
| src/main/java/com/github/githubsecuritylab/command_injection_test/Main.java:36:57:36:63 | ...[...] : String | semmle.label | ...[...] : String |
| src/main/java/com/github/githubsecuritylab/command_injection_test/Main.java:36:66:36:72 | ...[...] : String | semmle.label | ...[...] : String |
subpaths
#select
| src/main/java/com/github/githubsecuritylab/command_injection_test/Main.java:22:39:22:51 | commandArray1 | src/main/java/com/github/githubsecuritylab/command_injection_test/Main.java:16:29:16:41 | args : String[] | src/main/java/com/github/githubsecuritylab/command_injection_test/Main.java:22:39:22:51 | commandArray1 | Call to dangerous java.lang.Runtime.exec() with command '$@' with arg from untrusted input '$@' | src/main/java/com/github/githubsecuritylab/command_injection_test/Main.java:16:29:16:41 | args : String[] | args : String[] | src/main/java/com/github/githubsecuritylab/command_injection_test/Main.java:16:29:16:41 | args : String[] | args : String[] |
| src/main/java/com/github/githubsecuritylab/command_injection_test/Main.java:30:39:30:51 | commandArray2 | src/main/java/com/github/githubsecuritylab/command_injection_test/Main.java:16:29:16:41 | args : String[] | src/main/java/com/github/githubsecuritylab/command_injection_test/Main.java:30:39:30:51 | commandArray2 | Call to dangerous java.lang.Runtime.exec() with command '$@' with arg from untrusted input '$@' | src/main/java/com/github/githubsecuritylab/command_injection_test/Main.java:16:29:16:41 | args : String[] | args : String[] | src/main/java/com/github/githubsecuritylab/command_injection_test/Main.java:16:29:16:41 | args : String[] | args : String[] |
| src/main/java/com/github/githubsecuritylab/command_injection_test/Main.java:34:17:37:40 | toArray(...) | src/main/java/com/github/githubsecuritylab/command_injection_test/Main.java:16:29:16:41 | args : String[] | src/main/java/com/github/githubsecuritylab/command_injection_test/Main.java:34:17:37:40 | toArray(...) | Call to dangerous java.lang.Runtime.exec() with command '$@' with arg from untrusted input '$@' | src/main/java/com/github/githubsecuritylab/command_injection_test/Main.java:16:29:16:41 | args : String[] | args : String[] | src/main/java/com/github/githubsecuritylab/command_injection_test/Main.java:16:29:16:41 | args : String[] | args : String[] |
