| CorsMiconfigurationCredentials.cs:12:7:15:10 | call to method AddPolicy | The following CORS policy may allow credentialed requests from 3rd party websites |
